[zombs.io/index.html]
[backblue.gif]
[fade.gif]
[index.html]
[zombs.io/asset/app49a3.css]
[s.nitropay.com/ads-324.js]
[zombsroyale.io/asset/image/twitter-card.jpg]
[zombs.io/changelog]
[zombs.io/privacy.html]
[www.google-analytics.com/analytics.js]
[zombs.io/index.html]
[zombs.io/asset/sentry.js]
[zombs.io/asset/image/map/map-grass.png]
[zombs.io/asset/image/ui/entities/entities-tree.svg]
[zombs.io/asset/image/ui/entities/entities-stone.svg]
[zombs.io/asset/image/misc/changelog-9july-preview.png]
[zombs.io/asset/image/ui/entities/entities-gold-stash.svg]
[zombs.io/asset/image/ui/entities/entities-arrow-tower.svg]
[zombs.io/asset/image/ui/entities/entities-gold-mine.svg]
[zombs.io/asset/image/ui/icons/icons-shop.svg]
[zombs.io/asset/image/misc/youtube-icon.png]
[zombs.io/asset/image/misc/discord-icon.png]
[zombs.io/asset/image/misc/twitter-icon.png]
[zombs.io/asset/image/misc/facebook-icon.png]
[zombs.io/asset/image/misc/youtube-icon-btn.png]
[zombs.io/asset/image/ui/ui-time-bar.png]
[zombs.io/asset/image/ui/icons/icons-party.svg]
[zombs.io/asset/image/ui/icons/icons-settings.svg]
[zombs.io/asset/image/ui/inventory/inventory-heal-towers-spell.svg]
[zombs.io/asset/image/ui/inventory/inventory-timeout.svg]
[zombs.io/asset/image/ui/inventory/inventory-pickaxe-t1.svg]
[zombs.io/asset/image/ui/inventory/inventory-pickaxe-t2.svg]
[zombs.io/asset/image/ui/inventory/inventory-pickaxe-t3.svg]
[zombs.io/asset/image/ui/inventory/inventory-pickaxe-t4.svg]
[zombs.io/asset/image/ui/inventory/inventory-pickaxe-t5.svg]
[zombs.io/asset/image/ui/inventory/inventory-pickaxe-t6.svg]
[zombs.io/asset/image/ui/inventory/inventory-pickaxe-t7.svg]
[zombs.io/asset/image/ui/inventory/inventory-spear-t1.svg]
[zombs.io/asset/image/ui/inventory/inventory-spear-t2.svg]
[zombs.io/asset/image/ui/inventory/inventory-spear-t3.svg]
[zombs.io/asset/image/ui/inventory/inventory-spear-t4.svg]
[zombs.io/asset/image/ui/inventory/inventory-spear-t5.svg]
[zombs.io/asset/image/ui/inventory/inventory-spear-t6.svg]
[zombs.io/asset/image/ui/inventory/inventory-spear-t7.svg]
[zombs.io/asset/image/ui/inventory/inventory-bow-t1.svg]
[zombs.io/asset/image/ui/inventory/inventory-bow-t2.svg]
[zombs.io/asset/image/ui/inventory/inventory-bow-t3.svg]
[zombs.io/asset/image/ui/inventory/inventory-bow-t4.svg]
[zombs.io/asset/image/ui/inventory/inventory-bow-t5.svg]
[zombs.io/asset/image/ui/inventory/inventory-bow-t6.svg]
[zombs.io/asset/image/ui/inventory/inventory-bow-t7.svg]
[zombs.io/asset/image/ui/inventory/inventory-bomb-t1.svg]
[zombs.io/asset/image/ui/inventory/inventory-bomb-t2.svg]
[zombs.io/asset/image/ui/inventory/inventory-bomb-t3.svg]
[zombs.io/asset/image/ui/inventory/inventory-bomb-t4.svg]
[zombs.io/asset/image/ui/inventory/inventory-bomb-t5.svg]
[zombs.io/asset/image/ui/inventory/inventory-bomb-t6.svg]
[zombs.io/asset/image/ui/inventory/inventory-bomb-t7.svg]
[zombs.io/asset/image/ui/inventory/inventory-shield-t1.svg]
[zombs.io/asset/image/ui/inventory/inventory-shield-t2.svg]
[zombs.io/asset/image/ui/inventory/inventory-shield-t3.svg]
[zombs.io/asset/image/ui/inventory/inventory-shield-t4.svg]
[zombs.io/asset/image/ui/inventory/inventory-shield-t5.svg]
[zombs.io/asset/image/ui/inventory/inventory-shield-t6.svg]
[zombs.io/asset/image/ui/inventory/inventory-shield-t7.svg]
[zombs.io/asset/image/ui/inventory/inventory-shield-t8.svg]
[zombs.io/asset/image/ui/inventory/inventory-shield-t9.svg]
[zombs.io/asset/image/ui/inventory/inventory-shield-t10.svg]
[zombs.io/asset/image/ui/inventory/inventory-hat-horns.svg]
[zombs.io/asset/image/ui/inventory/inventory-pet-carl-t1.svg]
[zombs.io/asset/image/ui/inventory/inventory-pet-carl-t2.svg]
[zombs.io/asset/image/ui/inventory/inventory-pet-carl-t3.svg]
[zombs.io/asset/image/ui/inventory/inventory-pet-carl-t4.svg]
[zombs.io/asset/image/ui/inventory/inventory-pet-carl-t5.svg]
[zombs.io/asset/image/ui/inventory/inventory-pet-carl-t6.svg]
[zombs.io/asset/image/ui/inventory/inventory-pet-carl-t7.svg]
[zombs.io/asset/image/ui/inventory/inventory-pet-carl-t8.svg]
[zombs.io/asset/image/ui/inventory/inventory-pet-miner-t1.svg]
[zombs.io/asset/image/ui/inventory/inventory-pet-miner-t2.svg]
[zombs.io/asset/image/ui/inventory/inventory-pet-miner-t3.svg]
[zombs.io/asset/image/ui/inventory/inventory-pet-miner-t4.svg]
[zombs.io/asset/image/ui/inventory/inventory-pet-miner-t5.svg]
[zombs.io/asset/image/ui/inventory/inventory-pet-miner-t6.svg]
[zombs.io/asset/image/ui/inventory/inventory-pet-miner-t7.svg]
[zombs.io/asset/image/ui/inventory/inventory-pet-miner-t8.svg]
[zombs.io/asset/image/ui/inventory/inventory-health-potion.svg]
[zombs.io/asset/image/ui/inventory/inventory-pet-health-potion.svg]
[zombs.io/asset/image/ui/inventory/inventory-whistle.svg]
[zombs.io/asset/image/ui/inventory/inventory-invulnerable.svg]
[zombs.io/asset/image/ui/entities/entities-wall.svg]
[zombs.io/asset/image/ui/entities/entities-door.svg]
[zombs.io/asset/image/ui/entities/entities-slow-trap.svg]
[zombs.io/asset/image/ui/entities/entities-cannon-tower.svg]
[zombs.io/asset/image/ui/entities/entities-melee-tower.svg]
[zombs.io/asset/image/ui/entities/entities-bomb-tower.svg]
[zombs.io/asset/image/ui/entities/entities-mage-tower.svg]
[zombs.io/asset/app862c.js]
[zombs.io/asset/app49a3.css]
[zombs.io/privacy.html]
[zombs.io/asset/image/ui/entities/entities-tree.svg]
[zombs.io/asset/image/ui/entities/entities-stone.svg]
[zombs.io/asset/image/ui/entities/entities-gold-stash.svg]
[zombs.io/asset/image/ui/entities/entities-arrow-tower.svg]
[zombs.io/asset/image/ui/entities/entities-gold-mine.svg]
[zombs.io/asset/image/ui/icons/icons-shop.svg]
[zombs.io/asset/image/ui/icons/icons-party.svg]
[zombs.io/asset/image/ui/icons/icons-settings.svg]
[zombs.io/asset/image/ui/inventory/inventory-heal-towers-spell.svg]
[zombs.io/asset/image/ui/inventory/inventory-timeout.svg]
[zombs.io/asset/image/ui/inventory/inventory-pickaxe-t1.svg]
[zombs.io/asset/image/ui/inventory/inventory-pickaxe-t2.svg]
[zombs.io/asset/image/ui/inventory/inventory-pickaxe-t3.svg]
[zombs.io/asset/image/ui/inventory/inventory-pickaxe-t4.svg]
[zombs.io/asset/image/ui/inventory/inventory-pickaxe-t5.svg]
[zombs.io/asset/image/ui/inventory/inventory-pickaxe-t6.svg]
[zombs.io/asset/image/ui/inventory/inventory-pickaxe-t7.svg]
[zombs.io/asset/image/ui/inventory/inventory-spear-t1.svg]
[zombs.io/asset/image/ui/inventory/inventory-spear-t2.svg]
[zombs.io/asset/image/ui/inventory/inventory-spear-t3.svg]
[zombs.io/asset/image/ui/inventory/inventory-spear-t4.svg]
[zombs.io/asset/image/ui/inventory/inventory-spear-t5.svg]
[zombs.io/asset/image/ui/inventory/inventory-spear-t6.svg]
[zombs.io/asset/image/ui/inventory/inventory-spear-t7.svg]
[zombs.io/asset/image/ui/inventory/inventory-bow-t1.svg]
[zombs.io/asset/image/ui/inventory/inventory-bow-t2.svg]
[zombs.io/asset/image/ui/inventory/inventory-bow-t3.svg]
[zombs.io/asset/image/ui/inventory/inventory-bow-t4.svg]
[zombs.io/asset/image/ui/inventory/inventory-bow-t5.svg]
[zombs.io/asset/image/ui/inventory/inventory-bow-t6.svg]
[zombs.io/asset/image/ui/inventory/inventory-bow-t7.svg]
[zombs.io/asset/image/ui/inventory/inventory-bomb-t1.svg]
[zombs.io/asset/image/ui/inventory/inventory-bomb-t2.svg]
[zombs.io/asset/image/ui/inventory/inventory-bomb-t3.svg]
[zombs.io/asset/image/ui/inventory/inventory-bomb-t4.svg]
[zombs.io/asset/image/ui/inventory/inventory-bomb-t5.svg]
[zombs.io/asset/image/ui/inventory/inventory-bomb-t6.svg]
[zombs.io/asset/image/ui/inventory/inventory-bomb-t7.svg]
[zombs.io/asset/image/ui/inventory/inventory-shield-t1.svg]
[zombs.io/asset/image/ui/inventory/inventory-shield-t2.svg]
[zombs.io/asset/image/ui/inventory/inventory-shield-t3.svg]
[zombs.io/asset/image/ui/inventory/inventory-shield-t4.svg]
[zombs.io/asset/image/ui/inventory/inventory-shield-t5.svg]
[zombs.io/asset/image/ui/inventory/inventory-shield-t6.svg]
[zombs.io/asset/image/ui/inventory/inventory-shield-t7.svg]
[zombs.io/asset/image/ui/inventory/inventory-shield-t8.svg]
[zombs.io/asset/image/ui/inventory/inventory-shield-t9.svg]
[zombs.io/asset/image/ui/inventory/inventory-shield-t10.svg]
[zombs.io/asset/image/ui/inventory/inventory-hat-horns.svg]
[zombs.io/asset/image/ui/inventory/inventory-pet-carl-t1.svg]
[zombs.io/asset/image/ui/inventory/inventory-pet-carl-t2.svg]
[zombs.io/asset/image/ui/inventory/inventory-pet-carl-t3.svg]
[zombs.io/asset/image/ui/inventory/inventory-pet-carl-t4.svg]
[zombs.io/asset/image/ui/inventory/inventory-pet-carl-t5.svg]
[zombs.io/asset/image/ui/inventory/inventory-pet-carl-t6.svg]
[zombs.io/asset/image/ui/inventory/inventory-pet-carl-t7.svg]
[zombs.io/asset/image/ui/inventory/inventory-pet-carl-t8.svg]
[zombs.io/asset/image/ui/inventory/inventory-pet-miner-t1.svg]
[zombs.io/asset/image/ui/inventory/inventory-pet-miner-t2.svg]
[zombs.io/asset/image/ui/inventory/inventory-pet-miner-t3.svg]
[zombs.io/asset/image/ui/inventory/inventory-pet-miner-t4.svg]
[zombs.io/asset/image/ui/inventory/inventory-pet-miner-t5.svg]
[zombs.io/asset/image/ui/inventory/inventory-pet-miner-t6.svg]
[zombs.io/asset/image/ui/inventory/inventory-pet-miner-t7.svg]
[zombs.io/asset/image/ui/inventory/inventory-pet-miner-t8.svg]
[zombs.io/asset/image/ui/inventory/inventory-health-potion.svg]
[zombs.io/asset/image/ui/inventory/inventory-pet-health-potion.svg]
[zombs.io/asset/image/ui/inventory/inventory-whistle.svg]
[zombs.io/asset/image/ui/inventory/inventory-invulnerable.svg]
[zombs.io/asset/image/ui/entities/entities-wall.svg]
[zombs.io/asset/image/ui/entities/entities-door.svg]
[zombs.io/asset/image/ui/entities/entities-slow-trap.svg]
[zombs.io/asset/image/ui/entities/entities-cannon-tower.svg]
[zombs.io/asset/image/ui/entities/entities-melee-tower.svg]
[zombs.io/asset/image/ui/entities/entities-bomb-tower.svg]
[zombs.io/asset/image/ui/entities/entities-mage-tower.svg]
[zombs.io/asset/image/ui/entities/entities-harvester.svg]
[zombs.io/asset/image/ui/entities/entities-harvester.svg]
